rice                                2.49
10.0% off(rice)                    -0.25

Total:                              2.24